{
 "caches": {
  "apt": {
   "directory": "/var/cache/apt",
   "type": "locked"
  },
  "apt-lists": {
   "directory": "/var/lib/apt/lists",
   "type": "locked"
  }
 },
 "deploy": {
  "inputs": [
   {
    "step": "packages:python-runtime-deps"
   },
   {
    "include": [
     "/mise/shims",
     "/mise/installs",
     "/usr/local/bin/mise",
     "/etc/mise/config.toml",
     "/root/.local/state/mise"
    ],
    "step": "packages:mise"
   },
   {
    "include": [
     "/app/.venv"
    ],
    "step": "build"
   },
   {
    "exclude": [
     ".venv"
    ],
    "include": [
     "."
    ],
    "step": "build"
   }
  ],
  "startCommand": "python main.py",
  "variables": {
   "PIP_DEFAULT_TIMEOUT": "100",
   "PIP_DISABLE_PIP_VERSION_CHECK": "1",
   "PYTHONDONTWRITEBYTECODE": "1",
   "PYTHONFAULTHANDLER": "1",
   "PYTHONHASHSEED": "random",
   "PYTHONUNBUFFERED": "1"
  }
 },
 "steps": [
  {
   "assets": {
    "mise.toml": "[mise.toml]"
   },
   "caches": [
    "apt",
    "apt-lists"
   ],
   "commands": [
    {
     "cmd": "sh -c 'apt-get update \u0026\u0026 apt-get install -y python3-dev'",
     "customName": "install apt packages: python3-dev"
    },
    {
     "path": "/mise/shims"
    },
    {
     "customName": "create mise config",
     "name": "mise.toml",
     "path": "/etc/mise/config.toml"
    },
    {
     "cmd": "sh -c 'mise trust -a \u0026\u0026 mise install'",
     "customName": "install mise packages: pipx, python"
    }
   ],
   "inputs": [
    {
     "image": "ghcr.io/railwayapp/railpack-builder:latest"
    }
   ],
   "name": "packages:mise",
   "variables": {
    "MISE_CACHE_DIR": "/mise/cache",
    "MISE_CONFIG_DIR": "/mise",
    "MISE_DATA_DIR": "/mise",
    "MISE_INSTALLS_DIR": "/mise/installs",
    "MISE_SHIMS_DIR": "/mise/shims"
   }
  },
  {
   "commands": [
    {
     "path": "/root/.local/bin"
    },
    {
     "cmd": "pipx install poetry"
    },
    {
     "path": "/app/.venv/bin"
    },
    {
     "dest": "pyproject.toml",
     "src": "pyproject.toml"
    },
    {
     "dest": "poetry.lock",
     "src": "poetry.lock"
    },
    {
     "cmd": "poetry install --no-interaction --no-ansi --only main --no-root"
    },
    {
     "dest": ".",
     "src": "."
    }
   ],
   "inputs": [
    {
     "step": "packages:mise"
    }
   ],
   "name": "install",
   "variables": {
    "PIP_DEFAULT_TIMEOUT": "100",
    "PIP_DISABLE_PIP_VERSION_CHECK": "1",
    "POETRY_VIRTUALENVS_PATH": "/app/.venv",
    "PYTHONDONTWRITEBYTECODE": "1",
    "PYTHONFAULTHANDLER": "1",
    "PYTHONHASHSEED": "random",
    "PYTHONUNBUFFERED": "1",
    "VIRTUAL_ENV": "/app/.venv"
   }
  },
  {
   "commands": [
    {
     "dest": ".",
     "src": "."
    }
   ],
   "inputs": [
    {
     "step": "install"
    }
   ],
   "name": "build",
   "secrets": [
    "*"
   ]
  },
  {
   "caches": [
    "apt",
    "apt-lists"
   ],
   "commands": [
    {
     "cmd": "sh -c 'apt-get update \u0026\u0026 apt-get install -y '",
     "customName": "install apt packages: "
    }
   ],
   "inputs": [
    {
     "image": "ghcr.io/railwayapp/railpack-runtime:latest"
    }
   ],
   "name": "packages:python-runtime-deps"
  }
 ]
}