{
 "caches": {
  "node-modules": {
   "directory": "/app/node_modules/.cache",
   "type": "shared"
  },
  "npm-install": {
   "directory": "/root/.npm",
   "type": "shared"
  }
 },
 "deploy": {
  "inputs": [
   {
    "image": "ghcr.io/railwayapp/railpack-runtime-base:latest"
   },
   {
    "image": "ghcr.io/railwayapp/railpack-runtime-base:latest"
   },
   {
    "include": [
     "/mise/shims",
     "/mise/installs",
     "/usr/local/bin/mise",
     "/etc/mise/config.toml",
     "/root/.local/state/mise"
    ],
    "step": "packages:mise"
   },
   {
    "exclude": [
     "node_modules"
    ],
    "include": [
     "."
    ],
    "step": "build"
   },
   {
    "include": [
     "/app/node_modules"
    ],
    "step": "prune"
   },
   {
    "include": [
     "."
    ],
    "local": true
   }
  ],
  "startCommand": "node index.js",
  "variables": {
   "CI": "true",
   "NODE_ENV": "production",
   "NPM_CONFIG_FUND": "false",
   "NPM_CONFIG_PRODUCTION": "false",
   "NPM_CONFIG_UPDATE_NOTIFIER": "false",
   "YARN_PRODUCTION": "false"
  }
 },
 "steps": [
  {
   "assets": {
    "mise.toml": "[mise.toml]"
   },
   "commands": [
    {
     "path": "/mise/shims"
    },
    {
     "customName": "create mise config",
     "name": "mise.toml",
     "path": "/etc/mise/config.toml"
    },
    {
     "cmd": "sh -c 'mise trust -a \u0026\u0026 mise install'",
     "customName": "install mise packages: node"
    }
   ],
   "inputs": [
    {
     "image": "ghcr.io/railwayapp/railpack-builder-base:latest"
    }
   ],
   "name": "packages:mise",
   "variables": {
    "MISE_CACHE_DIR": "/mise/cache",
    "MISE_CONFIG_DIR": "/mise",
    "MISE_DATA_DIR": "/mise",
    "MISE_INSTALLS_DIR": "/mise/installs",
    "MISE_SHIMS_DIR": "/mise/shims"
   }
  },
  {
   "caches": [
    "npm-install"
   ],
   "commands": [
    {
     "path": "/app/node_modules/.bin"
    },
    {
     "dest": "package.json",
     "src": "package.json"
    },
    {
     "dest": "packages/pkg-a/package.json",
     "src": "packages/pkg-a/package.json"
    },
    {
     "dest": "packages/pkg-b/package.json",
     "src": "packages/pkg-b/package.json"
    },
    {
     "dest": "package-lock.json",
     "src": "package-lock.json"
    },
    {
     "cmd": "npm ci"
    }
   ],
   "inputs": [
    {
     "step": "packages:mise"
    }
   ],
   "name": "install",
   "variables": {
    "CI": "true",
    "NODE_ENV": "production",
    "NPM_CONFIG_FUND": "false",
    "NPM_CONFIG_PRODUCTION": "false",
    "NPM_CONFIG_UPDATE_NOTIFIER": "false",
    "YARN_PRODUCTION": "false"
   }
  },
  {
   "caches": [
    "npm-install"
   ],
   "commands": [
    {
     "cmd": "npm prune --omit=dev"
    }
   ],
   "inputs": [
    {
     "step": "install"
    }
   ],
   "name": "prune",
   "variables": {
    "NPM_CONFIG_PRODUCTION": "true"
   }
  },
  {
   "caches": [
    "node-modules"
   ],
   "inputs": [
    {
     "step": "install"
    }
   ],
   "name": "build",
   "secrets": [
    "*"
   ]
  }
 ]
}