{
 "deploy": {
  "inputs": [
   {
    "step": "setup"
   },
   {
    "include": [
     "."
    ],
    "local": true
   }
  ],
  "startCommand": "sh start.sh"
 },
 "steps": [
  {
   "commands": [
    {
     "dest": "start.sh",
     "src": "start.sh"
    },
    {
     "cmd": "chmod +x start.sh"
    }
   ],
   "inputs": [
    {
     "image": "ghcr.io/railwayapp/railpack-runtime:latest"
    }
   ],
   "name": "setup",
   "secrets": [
    "*"
   ]
  },
  {
   "inputs": [
    {
     "image": "ghcr.io/railwayapp/railpack-builder:latest"
    }
   ],
   "name": "packages:mise",
   "secrets": [
    "*"
   ]
  }
 ]
}