{
 "caches": {
  "go-build": {
   "directory": "/root/.cache/go-build",
   "type": "shared"
  }
 },
 "deploy": {
  "inputs": [
   {
    "image": "ghcr.io/railwayapp/railpack-runtime-base:latest"
   },
   {
    "image": "ghcr.io/railwayapp/railpack-runtime-base:latest"
   },
   {
    "include": [
     "."
    ],
    "step": "build"
   },
   {
    "include": [
     "."
    ],
    "local": true
   }
  ],
  "startCommand": "./out"
 },
 "steps": [
  {
   "assets": {
    "mise.toml": "[mise.toml]"
   },
   "commands": [
    {
     "path": "/mise/shims"
    },
    {
     "customName": "create mise config",
     "name": "mise.toml",
     "path": "/etc/mise/config.toml"
    },
    {
     "cmd": "sh -c 'mise trust -a \u0026\u0026 mise install'",
     "customName": "install mise packages: go"
    }
   ],
   "inputs": [
    {
     "image": "ghcr.io/railwayapp/railpack-builder-base:latest"
    }
   ],
   "name": "packages:mise",
   "variables": {
    "MISE_CACHE_DIR": "/mise/cache",
    "MISE_CONFIG_DIR": "/mise",
    "MISE_DATA_DIR": "/mise",
    "MISE_INSTALLS_DIR": "/mise/installs",
    "MISE_SHIMS_DIR": "/mise/shims"
   }
  },
  {
   "caches": [
    "go-build"
   ],
   "commands": [
    {
     "dest": "go.mod",
     "src": "go.mod"
    },
    {
     "dest": "go.sum",
     "src": "go.sum"
    },
    {
     "cmd": "go mod download"
    }
   ],
   "inputs": [
    {
     "step": "packages:mise"
    }
   ],
   "name": "install",
   "secrets": [
    "*"
   ],
   "variables": {
    "CGO_ENABLED": "0"
   }
  },
  {
   "caches": [
    "go-build"
   ],
   "commands": [
    {
     "dest": ".",
     "src": "."
    },
    {
     "cmd": "go build -ldflags=\"-w -s\" -o out"
    }
   ],
   "inputs": [
    {
     "step": "install"
    }
   ],
   "name": "build",
   "secrets": [
    "*"
   ]
  }
 ]
}