{
 "baseImage": "ghcr.io/railwayapp/railpack-runtime-base:latest",
 "caches": {
  "apt": {
   "directory": "/var/cache/apt",
   "type": "locked"
  },
  "apt-lists": {
   "directory": "/var/lib/apt/lists",
   "type": "locked"
  },
  "pip": {
   "directory": "/opt/pip-cache",
   "type": "shared"
  }
 },
 "start": {
  "cmd": "python main.py",
  "outputs": [
   "."
  ]
 },
 "steps": [
  {
   "assets": {
    "mise.toml": "[mise.toml]"
   },
   "commands": [
    {
     "path": "/mise/shims"
    },
    {
     "dest": "/app/.python-version",
     "src": ".python-version"
    },
    {
     "customName": "create mise config",
     "name": "mise.toml",
     "path": "/etc/mise/config.toml"
    },
    {
     "cmd": "sh -c 'mise trust -a \u0026\u0026 mise install'",
     "customName": "install mise packages: python"
    }
   ],
   "name": "packages:mise",
   "outputs": [
    "/mise/shims",
    "/mise/installs",
    "/usr/local/bin/mise",
    "/etc/mise/config.toml",
    "/root/.local/state/mise",
    "/app/.python-version"
   ],
   "secrets": [],
   "startingImage": "ghcr.io/railwayapp/railpack-builder-base:latest",
   "variables": {
    "MISE_CACHE_DIR": "/mise/cache",
    "MISE_CONFIG_DIR": "/mise",
    "MISE_DATA_DIR": "/mise",
    "MISE_INSTALLS_DIR": "/mise/installs",
    "MISE_SHIMS_DIR": "/mise/shims"
   }
  },
  {
   "commands": [
    {
     "path": "/root/.local/bin"
    }
   ],
   "dependsOn": [
    "packages:mise"
   ],
   "name": "setup",
   "secrets": [
    "*"
   ],
   "variables": {
    "PIP_CACHE_DIR": "/opt/pip-cache",
    "PIP_DEFAULT_TIMEOUT": "100",
    "PIP_DISABLE_PIP_VERSION_CHECK": "1",
    "PYTHONDONTWRITEBYTECODE": "1",
    "PYTHONFAULTHANDLER": "1",
    "PYTHONHASHSEED": "random",
    "PYTHONUNBUFFERED": "1"
   }
  },
  {
   "caches": [
    "pip"
   ],
   "commands": [
    {
     "dest": "requirements.txt",
     "src": "requirements.txt"
    },
    {
     "cmd": "pip install -r requirements.txt"
    }
   ],
   "dependsOn": [
    "packages:mise",
    "setup",
    "packages:apt:python-system-deps"
   ],
   "name": "install",
   "secrets": []
  },
  {
   "caches": [
    "apt",
    "apt-lists"
   ],
   "commands": [
    {
     "cmd": "sh -c 'apt-get update \u0026\u0026 apt-get install -y ffmpeg gcc pkg-config poppler-utils'",
     "customName": "install apt packages: ffmpeg gcc pkg-config poppler-utils"
    }
   ],
   "name": "packages:apt:python-system-deps",
   "secrets": []
  }
 ]
}