{
 "caches": {
  "node-modules": {
   "directory": "/app/node_modules/.cache",
   "type": "shared"
  },
  "npm-install": {
   "directory": "/root/.npm",
   "type": "shared"
  }
 },
 "deploy": {
  "inputs": [
   {
    "image": "ghcr.io/railwayapp/railpack-runtime-base:latest"
   },
   {
    "include": [
     "/bin/caddy"
    ],
    "step": "packages:caddy"
   },
   {
    "include": [
     "Caddyfile"
    ],
    "step": "caddy"
   },
   {
    "exclude": [
     "node_modules"
    ],
    "include": [
     "."
    ],
    "step": "build"
   },
   {
    "include": [
     "."
    ],
    "local": true
   }
  ],
  "startCommand": "caddy run --config Caddyfile --adapter caddyfile 2\u003e\u00261",
  "variables": {
   "CI": "true",
   "NODE_ENV": "production",
   "NPM_CONFIG_FUND": "false",
   "NPM_CONFIG_PRODUCTION": "false",
   "NPM_CONFIG_UPDATE_NOTIFIER": "false",
   "YARN_PRODUCTION": "false"
  }
 },
 "steps": [
  {
   "assets": {
    "mise.toml": "[mise.toml]"
   },
   "commands": [
    {
     "path": "/mise/shims"
    },
    {
     "customName": "create mise config",
     "name": "mise.toml",
     "path": "/etc/mise/config.toml"
    },
    {
     "cmd": "sh -c 'mise trust -a \u0026\u0026 mise install'",
     "customName": "install mise packages: node"
    }
   ],
   "inputs": [
    {
     "image": "ghcr.io/railwayapp/railpack-builder-base:latest"
    }
   ],
   "name": "packages:mise",
   "variables": {
    "MISE_CACHE_DIR": "/mise/cache",
    "MISE_CONFIG_DIR": "/mise",
    "MISE_DATA_DIR": "/mise",
    "MISE_INSTALLS_DIR": "/mise/installs",
    "MISE_SHIMS_DIR": "/mise/shims"
   }
  },
  {
   "caches": [
    "npm-install"
   ],
   "commands": [
    {
     "path": "/app/node_modules/.bin"
    },
    {
     "dest": "package.json",
     "src": "package.json"
    },
    {
     "dest": "package-lock.json",
     "src": "package-lock.json"
    },
    {
     "cmd": "npm ci"
    }
   ],
   "inputs": [
    {
     "step": "packages:mise"
    }
   ],
   "name": "install",
   "variables": {
    "CI": "true",
    "NODE_ENV": "production",
    "NPM_CONFIG_FUND": "false",
    "NPM_CONFIG_PRODUCTION": "false",
    "NPM_CONFIG_UPDATE_NOTIFIER": "false",
    "YARN_PRODUCTION": "false"
   }
  },
  {
   "inputs": [
    {
     "step": "install"
    }
   ],
   "name": "prune",
   "secrets": [
    "*"
   ]
  },
  {
   "caches": [
    "node-modules"
   ],
   "commands": [
    {
     "dest": ".",
     "src": "."
    },
    {
     "cmd": "npm run build"
    }
   ],
   "inputs": [
    {
     "step": "install"
    }
   ],
   "name": "build",
   "secrets": [
    "*"
   ]
  },
  {
   "commands": [
    {
     "cmd": "mise install-into caddy@2.9.1 /bin"
    },
    {
     "path": "/bin/caddy"
    }
   ],
   "inputs": [
    {
     "image": "ghcr.io/railwayapp/railpack-builder-base:latest"
    }
   ],
   "name": "packages:caddy"
  },
  {
   "assets": {
    "Caddyfile": "# global options\n{\n\tadmin off # theres no need for the admin api in railway's environment\n\tpersist_config off # storage isn't persistent anyway\n\tauto_https off # railway handles https for us, this would cause issues if left enabled\n\t# runtime logs\n\tlog {\n\t\tformat json # set runtime log format to json mode \n\t}\n\t# server options\n\tservers {\n\t\ttrusted_proxies static private_ranges 100.0.0.0/8 # trust railway's proxy\n\t}\n}\n\n# site block, listens on the $PORT environment variable, automatically assigned by railway\n:{$PORT:3000} {\n\t# access logs\n\tlog {\n\t\tformat json # set access log format to json mode\n\t}\n\n\t# health check for railway\n\trewrite /health /*\n\n\t# serve from the 'dist' folder (Vite builds into the 'dist' folder)\n\troot * dist\n\n\t# enable gzipping responses\n\tencode gzip\n\n\t# serve files from 'dist'\n\tfile_server \n\n\t# if path doesn't exist, redirect it to 'index.html' for client side routing\n\ttry_files {path} /index.html\n}\n"
   },
   "commands": [
    {
     "name": "Caddyfile",
     "path": "Caddyfile"
    },
    {
     "cmd": "caddy fmt --overwrite Caddyfile"
    }
   ],
   "inputs": [
    {
     "step": "packages:caddy"
    }
   ],
   "name": "caddy",
   "secrets": [
    "*"
   ]
  }
 ]
}