{
 "caches": {
  "gradle": {
   "directory": "/root/.gradle",
   "type": "shared"
  }
 },
 "deploy": {
  "inputs": [
   {
    "step": "build"
   },
   {
    "include": [
     "."
    ],
    "local": true
   }
  ],
  "startCommand": "java $JAVA_OPTS -jar  $(ls -1 build/libs/*jar | grep -v plain)"
 },
 "steps": [
  {
   "assets": {
    "mise.toml": "[mise.toml]"
   },
   "commands": [
    {
     "path": "/mise/shims"
    },
    {
     "customName": "create mise config",
     "name": "mise.toml",
     "path": "/etc/mise/config.toml"
    },
    {
     "cmd": "sh -c 'mise trust -a \u0026\u0026 mise install'",
     "customName": "install mise packages: gradle, java"
    }
   ],
   "inputs": [
    {
     "image": "ghcr.io/railwayapp/railpack-builder:latest"
    }
   ],
   "name": "packages:mise",
   "variables": {
    "MISE_CACHE_DIR": "/mise/cache",
    "MISE_CONFIG_DIR": "/mise",
    "MISE_DATA_DIR": "/mise",
    "MISE_INSTALLS_DIR": "/mise/installs",
    "MISE_SHIMS_DIR": "/mise/shims"
   }
  },
  {
   "caches": [
    "gradle"
   ],
   "commands": [
    {
     "dest": ".",
     "src": "."
    },
    {
     "cmd": "./gradlew clean build -x check -x test"
    }
   ],
   "inputs": [
    {
     "step": "packages:mise"
    }
   ],
   "name": "build",
   "secrets": [
    "*"
   ]
  }
 ]
}