{
 "deploy": {
  "inputs": [
   {
    "image": "ghcr.io/railwayapp/railpack-runtime:latest"
   }
  ],
  "startCommand": "java  $JAVA_OPTS -jar target/*jar"
 },
 "steps": [
  {
   "assets": {
    "mise.toml": "[mise.toml]"
   },
   "commands": [
    {
     "path": "/mise/shims"
    },
    {
     "customName": "create mise config",
     "name": "mise.toml",
     "path": "/etc/mise/config.toml"
    },
    {
     "cmd": "sh -c 'mise trust -a \u0026\u0026 mise install'",
     "customName": "install mise packages: java, maven"
    }
   ],
   "inputs": [
    {
     "image": "ghcr.io/railwayapp/railpack-builder:latest"
    }
   ],
   "name": "packages:mise",
   "variables": {
    "MISE_CACHE_DIR": "/mise/cache",
    "MISE_CONFIG_DIR": "/mise",
    "MISE_DATA_DIR": "/mise",
    "MISE_INSTALLS_DIR": "/mise/installs",
    "MISE_SHIMS_DIR": "/mise/shims"
   }
  },
  {
   "commands": [
    {
     "dest": ".",
     "src": "."
    },
    {
     "cmd": "mvn -DoutputFile=target/mvn-dependency-list.log -B -DskipTests clean dependency:list install"
    }
   ],
   "name": "build",
   "secrets": [
    "*"
   ]
  }
 ]
}