{
 "baseImage": "ghcr.io/railwayapp/railpack-runtime-base:latest",
 "caches": {
  "apt": {
   "directory": "/var/cache/apt",
   "type": "locked"
  },
  "apt-lists": {
   "directory": "/var/lib/apt/lists",
   "type": "locked"
  }
 },
 "start": {
  "cmd": "gunicorn --bind 0.0.0.0:3333 main:app",
  "outputs": [
   "."
  ]
 },
 "steps": [
  {
   "assets": {
    "mise.toml": "[mise.toml]"
   },
   "commands": [
    {
     "path": "/mise/shims"
    },
    {
     "dest": "/app/.python-version",
     "src": ".python-version"
    },
    {
     "customName": "create mise config",
     "name": "mise.toml",
     "path": "/etc/mise/config.toml"
    },
    {
     "cmd": "sh -c 'mise trust -a \u0026\u0026 mise install'",
     "customName": "install mise packages: pipx, python"
    }
   ],
   "name": "packages:mise",
   "outputs": [
    "/mise/shims",
    "/mise/installs",
    "/usr/local/bin/mise",
    "/etc/mise/config.toml",
    "/root/.local/state/mise",
    "/app/.python-version"
   ],
   "secrets": [],
   "startingImage": "ghcr.io/railwayapp/railpack-builder-base:latest",
   "variables": {
    "MISE_CACHE_DIR": "/mise/cache",
    "MISE_CONFIG_DIR": "/mise",
    "MISE_DATA_DIR": "/mise",
    "MISE_INSTALLS_DIR": "/mise/installs",
    "MISE_SHIMS_DIR": "/mise/shims"
   }
  },
  {
   "commands": [
    {
     "path": "/root/.local/bin"
    }
   ],
   "dependsOn": [
    "packages:mise"
   ],
   "name": "setup",
   "secrets": [
    "*"
   ],
   "variables": {
    "PIP_CACHE_DIR": "/opt/pip-cache",
    "PIP_DEFAULT_TIMEOUT": "100",
    "PIP_DISABLE_PIP_VERSION_CHECK": "1",
    "PYTHONDONTWRITEBYTECODE": "1",
    "PYTHONFAULTHANDLER": "1",
    "PYTHONHASHSEED": "random",
    "PYTHONUNBUFFERED": "1"
   }
  },
  {
   "commands": [
    {
     "cmd": "pipx install uv"
    },
    {
     "dest": "pyproject.toml",
     "src": "pyproject.toml"
    },
    {
     "dest": "uv.lock",
     "src": "uv.lock"
    },
    {
     "cmd": "uv sync --frozen --no-install-project --no-install-workspace --no-dev"
    },
    {
     "dest": ".",
     "src": "."
    },
    {
     "cmd": "uv sync --frozen --no-dev"
    },
    {
     "path": "/app/.venv/bin"
    }
   ],
   "dependsOn": [
    "packages:mise",
    "setup",
    "packages:apt:python-system-deps"
   ],
   "name": "install",
   "secrets": [],
   "variables": {
    "UV_CACHE_DIR": "/opt/uv-cache",
    "UV_COMPILE_BYTECODE": "1",
    "UV_LINK_MODE": "copy"
   }
  },
  {
   "caches": [
    "apt",
    "apt-lists"
   ],
   "commands": [
    {
     "cmd": "sh -c 'apt-get update \u0026\u0026 apt-get install -y pkg-config'",
     "customName": "install apt packages: pkg-config"
    }
   ],
   "name": "packages:apt:python-system-deps",
   "secrets": []
  }
 ]
}