{
 "baseImage": "ghcr.io/railwayapp/railpack-runtime-base:latest",
 "caches": {
  "node-modules": {
   "directory": "/app/node_modules/.cache",
   "type": "shared"
  }
 },
 "start": {
  "cmd": "node index.js",
  "outputs": [
   "."
  ],
  "variables": {
   "CI": "true",
   "NODE_ENV": "production",
   "NPM_CONFIG_PRODUCTION": "false",
   "YARN_PRODUCTION": "false"
  }
 },
 "steps": [
  {
   "assets": {
    "mise.toml": "[mise.toml]"
   },
   "commands": [
    {
     "path": "/mise/shims"
    },
    {
     "customName": "create mise config",
     "name": "mise.toml",
     "path": "/etc/mise/config.toml"
    },
    {
     "cmd": "sh -c 'mise trust -a \u0026\u0026 mise install'",
     "customName": "install mise packages: node, pnpm"
    }
   ],
   "name": "packages:mise",
   "outputs": [
    "/mise/shims",
    "/mise/installs",
    "/usr/local/bin/mise",
    "/etc/mise/config.toml",
    "/root/.local/state/mise"
   ],
   "secrets": [],
   "startingImage": "ghcr.io/railwayapp/railpack-builder-base:latest",
   "variables": {
    "MISE_CACHE_DIR": "/mise/cache",
    "MISE_CONFIG_DIR": "/mise",
    "MISE_DATA_DIR": "/mise",
    "MISE_INSTALLS_DIR": "/mise/installs",
    "MISE_SHIMS_DIR": "/mise/shims"
   }
  },
  {
   "commands": [
    {
     "path": "/app/node_modules/.bin"
    }
   ],
   "dependsOn": [
    "packages:mise"
   ],
   "name": "setup",
   "secrets": [],
   "variables": {
    "CI": "true",
    "NODE_ENV": "production",
    "NPM_CONFIG_PRODUCTION": "false",
    "YARN_PRODUCTION": "false"
   }
  },
  {
   "caches": [
    "node-modules"
   ],
   "dependsOn": [
    "setup"
   ],
   "name": "build",
   "secrets": [
    "*"
   ]
  }
 ]
}