{
 "caches": {
  "bun-install": {
   "directory": "/root/.bun/install/cache",
   "type": "shared"
  },
  "node-modules": {
   "directory": "/app/node_modules/.cache",
   "type": "shared"
  }
 },
 "deploy": {
  "inputs": [
   {
    "image": "ghcr.io/railwayapp/railpack-runtime-base:latest"
   },
   {
    "include": [
     "/mise/shims",
     "/mise/installs",
     "/usr/local/bin/mise",
     "/etc/mise/config.toml",
     "/root/.local/state/mise"
    ],
    "step": "packages:mise"
   },
   {
    "include": [
     "."
    ],
    "step": "build"
   },
   {
    "include": [
     "."
    ],
    "local": true
   }
  ],
  "startCommand": "bun index.ts",
  "variables": {
   "CI": "true",
   "NODE_ENV": "production",
   "NPM_CONFIG_FUND": "false",
   "NPM_CONFIG_PRODUCTION": "false",
   "NPM_CONFIG_UPDATE_NOTIFIER": "false",
   "YARN_PRODUCTION": "false"
  }
 },
 "steps": [
  {
   "assets": {
    "mise.toml": "[mise.toml]"
   },
   "commands": [
    {
     "path": "/mise/shims"
    },
    {
     "customName": "create mise config",
     "name": "mise.toml",
     "path": "/etc/mise/config.toml"
    },
    {
     "cmd": "sh -c 'mise trust -a \u0026\u0026 mise install'",
     "customName": "install mise packages: bun, go"
    }
   ],
   "inputs": [
    {
     "image": "ghcr.io/railwayapp/railpack-builder-base:latest"
    }
   ],
   "name": "packages:mise",
   "variables": {
    "MISE_CACHE_DIR": "/mise/cache",
    "MISE_CONFIG_DIR": "/mise",
    "MISE_DATA_DIR": "/mise",
    "MISE_INSTALLS_DIR": "/mise/installs",
    "MISE_SHIMS_DIR": "/mise/shims"
   }
  },
  {
   "caches": [
    "bun-install"
   ],
   "commands": [
    {
     "path": "/app/node_modules/.bin"
    },
    {
     "dest": "package.json",
     "src": "package.json"
    },
    {
     "dest": "bun.lockb",
     "src": "bun.lockb"
    },
    {
     "cmd": "bun install --frozen-lockfile"
    }
   ],
   "inputs": [
    {
     "step": "packages:mise"
    }
   ],
   "name": "install",
   "variables": {
    "CI": "true",
    "NODE_ENV": "production",
    "NPM_CONFIG_FUND": "false",
    "NPM_CONFIG_PRODUCTION": "false",
    "NPM_CONFIG_UPDATE_NOTIFIER": "false",
    "YARN_PRODUCTION": "false"
   }
  },
  {
   "inputs": [
    {
     "step": "install"
    }
   ],
   "name": "prune"
  },
  {
   "caches": [
    "node-modules"
   ],
   "commands": [
    {
     "dest": ".",
     "src": "."
    },
    {
     "cmd": "bun run build"
    }
   ],
   "inputs": [
    {
     "step": "install"
    }
   ],
   "name": "build",
   "secrets": [
    "*"
   ]
  }
 ]
}